User@DESKTOP-V5EN5AT MINGW64 ~
$ cd e:/Install/Projects/EmbeddedC/Lab_One

User@DESKTOP-V5EN5AT MINGW64 /e/Install/Projects/EmbeddedC/Lab_One
$ git clone https://github.com/denys-ko/softwareDevelopmentTechLog.git
Cloning into 'softwareDevelopmentTechLog'...
remote: Enumerating objects: 312, done.
remote: Counting objects: 100% (180/180), done.
remote: Compressing objects: 100% (95/95), done.
remote: Total 312 (delta 108), reused 148 (delta 85), pack-reused 132
Receiving objects: 100% (312/312), 42.46 KiB | 1.21 MiB/s, done.
Resolving deltas: 100% (147/147), done.

User@DESKTOP-V5EN5AT MINGW64 /e/Install/Projects/EmbeddedC/Lab_One
$ cd softwareDevelopmentTechLog/

User@DESKTOP-V5EN5AT MINGW64 /e/Install/Projects/EmbeddedC/Lab_One/softwareDevelopmentTechLog (main)
$ git status
On branch main
Your branch is up to date with 'origin/main'.

nothing to commit, working tree clean

User@DESKTOP-V5EN5AT MINGW64 /e/Install/Projects/EmbeddedC/Lab_One/softwareDevelopmentTechLog (main)
$ git status
On branch main
Your branch is up to date with 'origin/main'.

Changes not staged for commit:
  (use "git add <file>..." to update what will be committed)
  (use "git restore <file>..." to discard changes in working directory)
        modified:   ip11.txt

no changes added to commit (use "git add" and/or "git commit -a")

User@DESKTOP-V5EN5AT MINGW64 /e/Install/Projects/EmbeddedC/Lab_One/softwareDevelopmentTechLog (main)
$ git add ip11.txt

User@DESKTOP-V5EN5AT MINGW64 /e/Install/Projects/EmbeddedC/Lab_One/softwareDevelopmentTechLog (main)
$ git status
On branch main
Your branch is up to date with 'origin/main'.

Changes to be committed:
  (use "git restore --staged <file>..." to unstage)
        modified:   ip11.txt


User@DESKTOP-V5EN5AT MINGW64 /e/Install/Projects/EmbeddedC/Lab_One/softwareDevelopmentTechLog (main)
$ git commit
[main f14e29c] IP-11 Vladyslav Pryshchepa
 1 file changed, 7 insertions(+)

User@DESKTOP-V5EN5AT MINGW64 /e/Install/Projects/EmbeddedC/Lab_One/softwareDevelopmentTechLog (main)
$ git log
commit f14e29c67bd191c52b2654837633e69ba56b74f0 (HEAD -> main)
Author: Vladosichek <90644299+Vladosichek@users.noreply.github.com>
Date:   Mon Oct 16 12:56:28 2023 +0300

    IP-11 Vladyslav Pryshchepa

commit ef8a470f30b6e8b3dab445f3b90f14f7fc41cb95 (origin/main, origin/HEAD)
Author: Djekichoid <ponomarchuck.evgenyi@gmail.com>
Date:   Sat Oct 14 16:32:39 2023 +0300

    Added information about student Yevhenii Ponomarchuk

commit 2436989860ddf8f9aafee778d1badcc66da4be72
Author: Ilya <ilyaperetyat@gmail.com>
Date:   Fri Oct 13 17:20:54 2023 +0300

    Peretiatko added to list

commit 1d1d0653d8d0cc86670060ee94c8f28639dfcb30
Merge: 852dbc8 57e1277
Author: denys-ko <80855139+denys-ko@users.noreply.github.com>
Date:   Fri Oct 13 13:44:55 2023 +0300

    Merge pull request #9 from Reflectia/main

    Modify ik11 file by Nadiia Kachurynets

commit 57e1277f427893d513fb73a7c7646a9e586b4d69
Author: Nadiia <nade4ka3@gmail.com>
Date:   Fri Oct 13 12:59:50 2023 +0300

    Modify ik11 file by Nadiia Kachurynets

commit 852dbc81045b96d6a4fe6f6a609e1888e702d722
Author: Yulia Mikhaylenko <yuliamikhaylenko@ukr.net>
Date:   Thu Oct 12 00:19:04 2023 +0300

    Added information about student Yulia Mikhaylenko of group IO-13
    Signed-off-by: Yulia Mikhaylenko <yuliamikhaylenko@ukr.net>

commit 2fff3ac2511f10aad43fc311ca1b3d94e2365ef6
Author: Taras Vytvytskyi <tarasvytvytskyy@gmail.com>
Date:   Tue Oct 10 12:30:29 2023 +0300

    Hello, Curel world v2
    Sorted students by order in group

    Signed-off-by: Taras Vytvytskyi <tarasvytvytskyy@gmail.com>

commit 39e7bc1a71a500f2ba266f57fc872ce1ce2a467a
Author: Taras Vytvytskyi <tarasvytvytskyy@gmail.com>
Date:   Tue Oct 10 12:13:48 2023 +0300

    Hello, Cruel world!

    Signed-off-by: Taras Vytvytskyi <tarasvytvytskyy@gmail.com>

commit bb6d187ee564527e0aab58f99ad86a53e70e9aad
Author: karakurtz <tsybulenkobohdan@gmail.com>
Date:   Mon Oct 9 23:33:04 2023 +0300

    Added myself to the corresponding group

commit a567141e7b5f1464771ceb449a5e97af38d4805b
Author: Юлия Гудыма <gudyma.yullia@gmail.com>
Date:   Sun Oct 8 21:26:57 2023 +0200

    making changes to the file

commit c699945dcddc9adf8ea0d382ca14871577794014
Author: Юлия Гудыма <gudyma.yullia@gmail.com>

User@DESKTOP-V5EN5AT MINGW64 /e/Install/Projects/EmbeddedC/Lab_One/softwareDevelopmentTechLog (main)
$ git push
remote: Permission to denys-ko/softwareDevelopmentTechLog.git denied to Vladosichek.
fatal: unable to access 'https://github.com/denys-ko/softwareDevelopmentTechLog.git/': The requested URL returned error: 403

User@DESKTOP-V5EN5AT MINGW64 /e/Install/Projects/EmbeddedC/Lab_One/softwareDevelopmentTechLog (main)
$ git push
Enumerating objects: 5, done.
Counting objects: 100% (5/5), done.
Delta compression using up to 16 threads
Compressing objects: 100% (3/3), done.
Writing objects: 100% (3/3), 380 bytes | 380.00 KiB/s, done.
Total 3 (delta 2), reused 0 (delta 0), pack-reused 0
remote: Resolving deltas: 100% (2/2), completed with 2 local objects.
To https://github.com/denys-ko/softwareDevelopmentTechLog.git
   ef8a470..f14e29c  main -> main

User@DESKTOP-V5EN5AT MINGW64 /e/Install/Projects/EmbeddedC/Lab_One/softwareDevelopmentTechLog (main)
$

